<?php return array (
  0 => 'Symfony\\Bundle\\FrameworkBundle\\Controller\\AbstractController',
  1 => 'App\\Controller\\Api\\MoviesController',
  2 => 'App\\Controller\\MoviesController',
  3 => 'App\\Entity\\Movie',
  4 => 'Doctrine\\Bundle\\DoctrineBundle\\Controller\\ProfilerController',
  5 => 'Doctrine\\ORM\\Cache\\Persister\\Entity\\AbstractEntityPersister',
  6 => 'Doctrine\\ORM\\Cache\\Persister\\Entity\\CachedEntityPersister',
  7 => 'Doctrine\\ORM\\Cache\\Persister\\Entity\\NonStrictReadWriteCachedEntityPersister',
  8 => 'Doctrine\\ORM\\Cache\\Persister\\Entity\\ReadOnlyCachedEntityPersister',
  9 => 'Doctrine\\ORM\\Cache\\Persister\\Entity\\ReadWriteCachedEntityPersister',
  10 => 'Doctrine\\ORM\\Persisters\\Entity\\AbstractEntityInheritancePersister',
  11 => 'Doctrine\\ORM\\Persisters\\Entity\\BasicEntityPersister',
  12 => 'Doctrine\\ORM\\Persisters\\Entity\\CachedPersisterContext',
  13 => 'Doctrine\\ORM\\Persisters\\Entity\\EntityPersister',
  14 => 'Doctrine\\ORM\\Persisters\\Entity\\JoinedSubclassPersister',
  15 => 'Doctrine\\ORM\\Persisters\\Entity\\SingleTablePersister',
  16 => 'FOS\\RestBundle\\Controller\\AbstractFOSRestController',
  17 => 'FOS\\RestBundle\\Controller\\Annotations\\AbstractParam',
  18 => 'FOS\\RestBundle\\Controller\\Annotations\\AbstractScalarParam',
  19 => 'FOS\\RestBundle\\Controller\\Annotations\\Copy',
  20 => 'FOS\\RestBundle\\Controller\\Annotations\\Delete',
  21 => 'FOS\\RestBundle\\Controller\\Annotations\\FileParam',
  22 => 'FOS\\RestBundle\\Controller\\Annotations\\Get',
  23 => 'FOS\\RestBundle\\Controller\\Annotations\\Head',
  24 => 'FOS\\RestBundle\\Controller\\Annotations\\Link',
  25 => 'FOS\\RestBundle\\Controller\\Annotations\\Lock',
  26 => 'FOS\\RestBundle\\Controller\\Annotations\\Mkcol',
  27 => 'FOS\\RestBundle\\Controller\\Annotations\\Move',
  28 => 'FOS\\RestBundle\\Controller\\Annotations\\Options',
  29 => 'FOS\\RestBundle\\Controller\\Annotations\\ParamInterface',
  30 => 'FOS\\RestBundle\\Controller\\Annotations\\Patch',
  31 => 'FOS\\RestBundle\\Controller\\Annotations\\Post',
  32 => 'FOS\\RestBundle\\Controller\\Annotations\\PropFind',
  33 => 'FOS\\RestBundle\\Controller\\Annotations\\PropPatch',
  34 => 'FOS\\RestBundle\\Controller\\Annotations\\Put',
  35 => 'FOS\\RestBundle\\Controller\\Annotations\\QueryParam',
  36 => 'FOS\\RestBundle\\Controller\\Annotations\\RequestParam',
  37 => 'FOS\\RestBundle\\Controller\\Annotations\\Route',
  38 => 'FOS\\RestBundle\\Controller\\Annotations\\Unlink',
  39 => 'FOS\\RestBundle\\Controller\\Annotations\\Unlock',
  40 => 'FOS\\RestBundle\\Controller\\Annotations\\View',
  41 => 'FOS\\RestBundle\\Controller\\ControllerTrait',
  43 => 'Symfony\\Bundle\\FrameworkBundle\\Controller\\ControllerResolver',
  44 => 'Symfony\\Bundle\\FrameworkBundle\\Controller\\RedirectController',
  45 => 'Symfony\\Bundle\\FrameworkBundle\\Controller\\TemplateController',
  46 => 'Symfony\\Component\\HttpKernel\\Controller\\ArgumentResolver',
  47 => 'Symfony\\Component\\HttpKernel\\Controller\\ArgumentResolverInterface',
  48 => 'Symfony\\Component\\HttpKernel\\Controller\\ArgumentResolver\\DefaultValueResolver',
  49 => 'Symfony\\Component\\HttpKernel\\Controller\\ArgumentResolver\\NotTaggedControllerValueResolver',
  50 => 'Symfony\\Component\\HttpKernel\\Controller\\ArgumentResolver\\RequestAttributeValueResolver',
  51 => 'Symfony\\Component\\HttpKernel\\Controller\\ArgumentResolver\\RequestValueResolver',
  52 => 'Symfony\\Component\\HttpKernel\\Controller\\ArgumentResolver\\ServiceValueResolver',
  53 => 'Symfony\\Component\\HttpKernel\\Controller\\ArgumentResolver\\SessionValueResolver',
  54 => 'Symfony\\Component\\HttpKernel\\Controller\\ArgumentResolver\\TraceableValueResolver',
  55 => 'Symfony\\Component\\HttpKernel\\Controller\\ArgumentResolver\\VariadicValueResolver',
  56 => 'Symfony\\Component\\HttpKernel\\Controller\\ArgumentValueResolverInterface',
  57 => 'Symfony\\Component\\HttpKernel\\Controller\\ContainerControllerResolver',
  58 => 'Symfony\\Component\\HttpKernel\\Controller\\ControllerReference',
  59 => 'Symfony\\Component\\HttpKernel\\Controller\\ControllerResolver',
  60 => 'Symfony\\Component\\HttpKernel\\Controller\\ControllerResolverInterface',
  61 => 'Symfony\\Component\\HttpKernel\\Controller\\ErrorController',
  62 => 'Symfony\\Component\\HttpKernel\\Controller\\TraceableArgumentResolver',
  63 => 'Symfony\\Component\\HttpKernel\\Controller\\TraceableControllerResolver',
);